
> barbearia@0.1.0 test:backend:unit:critical
> npm --prefix barbershop-api run test -- tests/unit/middlewares/auth.test.js tests/unit/middlewares/checkSubscription.test.js tests/unit/validations/custom.validation.test.js tests/unit/services/service.service.test.js tests/unit/services/serviceCategory.service.test.js tests/unit/services/review.service.test.js tests/unit/services/appointment.service.test.js


> create-nodejs-express-app@1.7.0 test
> jest -i --colors --verbose --detectOpenHandles tests/unit/middlewares/auth.test.js tests/unit/middlewares/checkSubscription.test.js tests/unit/validations/custom.validation.test.js tests/unit/services/service.service.test.js tests/unit/services/serviceCategory.service.test.js tests/unit/services/review.service.test.js tests/unit/services/appointment.service.test.js

node.exe : [0m[7m[1m[32m PASS [39m[22m[27m[0m [2m
tests/unit/services/[22m[1mappointment.service.test.js[
22m
No linha:1 caractere:1
+ & "C:\Program Files\nodejs/node.exe" "C:\Program 
Files\nodejs/node_mo ...
+ ~~~~~~~~~~~~~~~~~~~~~~~~~~~~~~~~~~~~~~~~~~~~~~~~~~~~~~~~
~~~~~~~~~~~~~
    + CategoryInfo          : NotSpecified: ([0m[7m[1m 
   [3...ce.test.js[22m:String) [], RemoteException
    + FullyQualifiedErrorId : NativeCommandError
 
  appointment.service
    [32mÔêÜ[39m [2mcreateAppointment normalizes legacy 
payload keys (5 ms)[22m
    [32mÔêÜ[39m [2mcreateAppointment throws bad 
request when required fields are missing (1 ms)[22m
    [32mÔêÜ[39m [2mcreateAppointment throws conflict 
when slot already reserved (1 ms)[22m
    [32mÔêÜ[39m [2mqueryAppointments normalizes legacy 
filters (1 ms)[22m
    [32mÔêÜ[39m [2mpayAppointmentById updates 
paymentStatus (1 ms)[22m

[0m[7m[1m[32m PASS [39m[22m[27m[0m 
[2mtests/unit/middlewares/[22m[1mauth.test.js[22m
  auth middleware
    [32mÔêÜ[39m [2mallows authenticated user when no 
rights are required (1 ms)[22m
    [32mÔêÜ[39m [2mreturns unauthorized when passport 
does not resolve a user (1 ms)[22m
    [32mÔêÜ[39m [2mreturns forbidden when user has no 
required right and is not owner[22m
    [32mÔêÜ[39m [2mallows self access even without 
required right (1 ms)[22m

[0m[7m[1m[32m PASS [39m[22m[27m[0m [2mtests/unit/
middlewares/[22m[1mcheckSubscription.test.js[22m
  checkSubscription middleware
    [32mÔêÜ[39m [2mreturns unauthorized when request 
has no user (1 ms)[22m
    [32mÔêÜ[39m [2mallows non-barber users[22m
    [32mÔêÜ[39m [2mallows active subscription when 
expiration is in the future (1 ms)[22m
    [32mÔêÜ[39m [2mblocks active subscription when 
expiration is in the past[22m
    [32mÔêÜ[39m [2mblocks pending subscriptions (1 
ms)[22m

[0m[7m[1m[32m PASS [39m[22m[27m[0m [2mtests/unit/
validations/[22m[1mcustom.validation.test.js[22m
  custom validation helpers
    objectId
      [32mÔêÜ[39m [2mreturns value for valid UUID[22m
      [32mÔêÜ[39m [2mreturns validation message for 
invalid id (1 ms)[22m
    password
      [32mÔêÜ[39m [2mreturns value when password has 
min length and alphanumeric mix[22m
      [32mÔêÜ[39m [2mreturns validation message for 
short password (1 ms)[22m
      [32mÔêÜ[39m [2mreturns validation message when 
password has no number[22m
      [32mÔêÜ[39m [2mreturns validation message when 
password has no letter[22m

[0m[7m[1m[32m PASS [39m[22m[27m[0m [2mtests/unit/
services/[22m[1mreview.service.test.js[22m
  review.service
    [32mÔêÜ[39m [2mcreateReview maps legacy 
serviceType to serviceTypeId (1 ms)[22m
    [32mÔêÜ[39m [2mgetReviews normalizes legacy filter 
and paginates output (1 ms)[22m
    [32mÔêÜ[39m [2mupdateReviewById maps legacy 
serviceType key[22m

[0m[7m[1m[32m PASS [39m[22m[27m[0m [2mtests/unit/
services/[22m[1mservice.service.test.js[22m
  service.service
    [32mÔêÜ[39m [2mcreateService maps categoryId to 
relation connect (1 ms)[22m
    [32mÔêÜ[39m [2mgetServices normalizes category 
filter and returns pagination payload[22m
    [32mÔêÜ[39m [2mupdateServiceById accepts legacy 
category key (1 ms)[22m

[0m[7m[1m[32m PASS [39m[22m[27m[0m [2mtests/unit/
services/[22m[1mserviceCategory.service.test.js[22m
  serviceCategory.service
    [32mÔêÜ[39m [2mgetServiceCategories returns 
paginated response (1 ms)[22m
    [32mÔêÜ[39m [2mdeleteServiceCategoryById throws 
bad request when category has associated services (1 
ms)[22m
    [32mÔêÜ[39m [2mdeleteServiceCategoryById deletes 
category when there are no associated services (1 ms)[22m

[1mTest Suites: [22m[1m[32m7 passed[39m[22m, 7 total
[1mTests:       [22m[1m[32m29 passed[39m[22m, 29 
total
[1mSnapshots:   [22m0 total
[1mTime:[22m        1.478 s
[2mRan all test suites[22m[2m matching [22m/tests\\uni
t\\middlewares\\auth.test.js|tests\\unit\\middlewares\\che
ckSubscription.test.js|tests\\unit\\validations\\custom.va
lidation.test.js|tests\\unit\\services\\service.service.te
st.js|tests\\unit\\services\\serviceCategory.service.test.
js|tests\\unit\\services\\review.service.test.js|tests\\un
it\\services\\appointment.service.test.js/i[2m.[22m
